Yuga 14@DESKTOP-TN63B7R MINGW64 ~
$ get clone https://github.com/ShahAliR/IronAlireza2.git
bash: get: command not found

Yuga 14@DESKTOP-TN63B7R MINGW64 ~
$ git clone https://github.com/ShahAliR/IronAlireza2.git
Cloning into 'IronAlireza2'...
warning: You appear to have cloned an empty repository.

Yuga 14@DESKTOP-TN63B7R MINGW64 ~
$ touch about.txt

Yuga 14@DESKTOP-TN63B7R MINGW64 ~
$ ls
 1_variables_operators.ipynb
'2_conditional_statements. Exercises.ipynb'
 3.1_data_structures_lists.Exercises.ipynb
 3.2_data_structures_dictionaries.Exercises.ipynb
'3D Objects'/
 4_iterations.Exercise.ipynb
'5_pseudocode. Exercise.ipynb'
 6_functions_intro_v2.Exercise.ipynb
 Alireza/
 Anwendungsdaten@
 AppData/
 Apple/
'Application Data'@
'Calibre Library'/
 Contacts/
 Cookies@
'Creative Cloud Files'/
'Cursus_Nederlands_-_materiaal_voor_donderdag_16_juli(1).zip.egt'
'Cursus_Nederlands_-_materiaal_voor_donderdag_16_juli(2).zip.egt'
'Cursus_Nederlands_-_materiaal_voor_donderdag_16_juli(3).zip.egt'
 Cursus_Nederlands_-_materiaal_voor_donderdag_16_juli.zip.egt
'Cursus_Nederlands_-_materiaal_voor_donderdag_16_juli_(2).zip.egt'
 Desktop/
 Desktop.pem
 Documents/
 Downloads/
 Dropbox/
 Druckumgebung@
'Eigene Dateien'@
'Familiefoto'\''s(1).pdf.egt'
"Familiefoto's.pdf"
'Familierelaties en stamboom.versie2(1).pdf'
'Familierelaties en stamboom.versie2.pdf'
 Favorites/
 HP/
 Ih-Labs/
 IntelGraphicsProfiles/
 IronAlireza2/
 Klok.NiG-kopieerblad3.pdf
'L. 1.02a Python Review.ipynb'
 Links/
'Local Settings'@
'Lokale Einstellungen'@
 MicrosoftEdgeBackups/
 Music/
'My Documents'@
 NTUSER.DAT
 NTUSER.DAT{4e5565bf-feb3-11ea-af96-f763f8c57836}.TxR.0.regtrans-ms
 NTUSER.DAT{4e5565bf-feb3-11ea-af96-f763f8c57836}.TxR.1.regtrans-ms
 NTUSER.DAT{4e5565bf-feb3-11ea-af96-f763f8c57836}.TxR.2.regtrans-ms
 NTUSER.DAT{4e5565bf-feb3-11ea-af96-f763f8c57836}.TxR.blf
 NTUSER.DAT{4e5565c0-feb3-11ea-af96-f763f8c57836}.TM.blf
 NTUSER.DAT{4e5565c0-feb3-11ea-af96-f763f8c57836}.TMContainer00000000000000000001.regtrans-ms
 NTUSER.DAT{4e5565c0-feb3-11ea-af96-f763f8c57836}.TMContainer00000000000000000002.regtrans-ms
 NTUSER.DAT{dcc93de9-0247-11eb-afa2-4845207bb857}.TM.blf
 NTUSER.DAT{dcc93de9-0247-11eb-afa2-4845207bb857}.TMContainer00000000000000000001.regtrans-ms
 NTUSER.DAT{dcc93de9-0247-11eb-afa2-4845207bb857}.TMContainer00000000000000000002.regtrans-ms
 NetHood@
 Netzwerkumgebung@
'Note 15_ wonen - stoppen - komen(1).pdf'
'Note 15_ wonen - stoppen - komen.pdf'
'Note 24_ Dutch modal verbs - the easy way.pdf'
'Note 26_ Pluralis van het substantief_v2(1).pdf'
'Note 26_ Pluralis van het substantief_v2.pdf'
'Note 27_ Dutch modal verbs - the hard way.pdf'
 OneDrive/
 Persepolis/
 Pictures/
 PrintHood@
 REACHit/
 Recent@
 Roaming/
'Saved Games'/
 Searches/
 SendTo@
'Start Menu'@
 Startmenü@
 Templates@
 Untitled.ipynb
 Untitled1.ipynb
 Untitled2.ipynb
 Untitled3.ipynb
 Untitled4.ipynb
 Untitled5.ipynb
 Untitled6.ipynb
 Untitled7.ipynb
 Untitled8.ipynb
 Untitled9.ipynb
'Variables and Operators.Exercise.ipynb'
 Videos/
 Vorlagen@
'Vragen les 1en2.NiG-kopieerblad4.pdf'
 about.txt
 ali.ipynb
 file-1.txt
 file-2.txt
 file-3.txt
 hello.txt
 hello2.text
 ironhack2.html
'measures_of_central_tendency. Exercise  .ipynb'
 measures_of_dispersion.exercises.ipynb
 new-file.fileExtension
 new-folder/
 ntuser.dat.LOG1
 ntuser.dat.LOG2
 ntuser.ini
'opera autoupdate'/
'or.2_conditional_statements (1).ipynb'
 perspolis-copies/
 tempo/
 uncool.txt

Yuga 14@DESKTOP-TN63B7R MINGW64 ~
$ git add .
fatal: not a git repository (or any of the parent directories): .git

Yuga 14@DESKTOP-TN63B7R MINGW64 ~
$ git clone https://github.com/ShahAliR/IronAlireza2.git
fatal: destination path 'IronAlireza2' already exists and is not an empty directory.

Yuga 14@DESKTOP-TN63B7R MINGW64 ~
$ touch about.txt https://github.com/ShahAliR/IronAlireza2.git
touch: cannot touch 'https://github.com/ShahAliR/IronAlireza2.git': No such file or directory

Yuga 14@DESKTOP-TN63B7R MINGW64 ~
$ cd

Yuga 14@DESKTOP-TN63B7R MINGW64 ~
$ pwd
/c/Users/Yuga 14

Yuga 14@DESKTOP-TN63B7R MINGW64 ~
$ cd IronAlireza2

Yuga 14@DESKTOP-TN63B7R MINGW64 ~/IronAlireza2 (main)
$ touch about.txt

Yuga 14@DESKTOP-TN63B7R MINGW64 ~/IronAlireza2 (main)
$ echo "Litral translation of my name is high satisfaction:)" >> about.txt

Yuga 14@DESKTOP-TN63B7R MINGW64 ~/IronAlireza2 (main)
$ cat about
cat: about: No such file or directory

Yuga 14@DESKTOP-TN63B7R MINGW64 ~/IronAlireza2 (main)
$ cat about.txt
Litral translation of my name is high satisfaction:)

Yuga 14@DESKTOP-TN63B7R MINGW64 ~/IronAlireza2 (main)
$ git commit -m "update"
On branch main

Initial commit

Untracked files:
  (use "git add <file>..." to include in what will be committed)
        about.txt

nothing added to commit but untracked files present (use "git add" to track)

Yuga 14@DESKTOP-TN63B7R MINGW64 ~/IronAlireza2 (main)
$ git push
error: src refspec refs/heads/main does not match any
error: failed to push some refs to 'https://github.com/ShahAliR/IronAlireza2.git'

Yuga 14@DESKTOP-TN63B7R MINGW64 ~/IronAlireza2 (main)
$ git push
error: src refspec refs/heads/main does not match any
error: failed to push some refs to 'https://github.com/ShahAliR/IronAlireza2.git'

Yuga 14@DESKTOP-TN63B7R MINGW64 ~/IronAlireza2 (main)
$ git add .
warning: in the working copy of 'about.txt', LF will be replaced by CRLF the next time Git touches it

Yuga 14@DESKTOP-TN63B7R MINGW64 ~/IronAlireza2 (main)
$ git add .

Yuga 14@DESKTOP-TN63B7R MINGW64 ~/IronAlireza2 (main)
$ git commit -m "add file"
[main (root-commit) aef00ce] add file
 1 file changed, 1 insertion(+)
 create mode 100644 about.txt

Yuga 14@DESKTOP-TN63B7R MINGW64 ~/IronAlireza2 (main)
$ git push
Enumerating objects: 3, done.
Counting objects: 100% (3/3), done.
Delta compression using up to 4 threads
Compressing objects: 100% (2/2), done.
Writing objects: 100% (3/3), 265 bytes | 132.00 KiB/s, done.
Total 3 (delta 0), reused 0 (delta 0), pack-reused 0
To https://github.com/ShahAliR/IronAlireza2.git
 * [new branch]      main -> main

Yuga 14@DESKTOP-TN63B7R MINGW64 ~/IronAlireza2 (main)
$ git clone https://github.com/mitra-ep/testIt/blob/32f7bb05f88b94e396d128920fd7fba99b4e2434/about
Cloning into 'about'...
fatal: repository 'https://github.com/mitra-ep/testIt/blob/32f7bb05f88b94e396d128920fd7fba99b4e2434/about/' not found

Yuga 14@DESKTOP-TN63B7R MINGW64 ~/IronAlireza2 (main)
$ git clone https://github.com/mitra-ep/testIt.git
Cloning into 'testIt'...
remote: Enumerating objects: 3, done.
remote: Counting objects: 100% (3/3), done.
remote: Total 3 (delta 0), reused 0 (delta 0), pack-reused 0
Receiving objects: 100% (3/3), done.

Yuga 14@DESKTOP-TN63B7R MINGW64 ~/IronAlireza2 (main)
$ git clone https://github.com/mitra-ep/testIt.git
fatal: destination path 'testIt' already exists and is not an empty directory.

Yuga 14@DESKTOP-TN63B7R MINGW64 ~/IronAlireza2 (main)
$ git checkout -b classmate
Switched to a new branch 'classmate'

Yuga 14@DESKTOP-TN63B7R MINGW64 ~/IronAlireza2 (classmate)
$ touch Alireza.txt

Yuga 14@DESKTOP-TN63B7R MINGW64 ~/IronAlireza2 (classmate)
$ ls
Alireza.txt  about.txt  testIt/

Yuga 14@DESKTOP-TN63B7R MINGW64 ~/IronAlireza2 (classmate)
$ cd..
bash: cd..: command not found

Yuga 14@DESKTOP-TN63B7R MINGW64 ~/IronAlireza2 (classmate)
$ cd  ..

Yuga 14@DESKTOP-TN63B7R MINGW64 ~
$ ls
 1_variables_operators.ipynb                                         Klok.NiG-kopieerblad3.pdf                                                                      Startmenü@
'2_conditional_statements. Exercises.ipynb'                         'L. 1.02a Python Review.ipynb'                                                                  Templates@
 3.1_data_structures_lists.Exercises.ipynb                           Links/                                                                                         Untitled.ipynb
 3.2_data_structures_dictionaries.Exercises.ipynb                   'Local Settings'@                                                                               Untitled1.ipynb
'3D Objects'/                                                       'Lokale Einstellungen'@                                                                         Untitled2.ipynb
 4_iterations.Exercise.ipynb                                         MicrosoftEdgeBackups/                                                                          Untitled3.ipynb
'5_pseudocode. Exercise.ipynb'                                       Music/                                                                                         Untitled4.ipynb
 6_functions_intro_v2.Exercise.ipynb                                'My Documents'@                                                                                 Untitled5.ipynb
 Alireza/                                                            NTUSER.DAT                                                                                     Untitled6.ipynb
 Anwendungsdaten@                                                    NTUSER.DAT{4e5565bf-feb3-11ea-af96-f763f8c57836}.TxR.0.regtrans-ms                             Untitled7.ipynb
 AppData/                                                            NTUSER.DAT{4e5565bf-feb3-11ea-af96-f763f8c57836}.TxR.1.regtrans-ms                             Untitled8.ipynb
 Apple/                                                              NTUSER.DAT{4e5565bf-feb3-11ea-af96-f763f8c57836}.TxR.2.regtrans-ms                             Untitled9.ipynb
'Application Data'@                                                  NTUSER.DAT{4e5565bf-feb3-11ea-af96-f763f8c57836}.TxR.blf                                      'Variables and Operators.Exercise.ipynb'
'Calibre Library'/                                                   NTUSER.DAT{4e5565c0-feb3-11ea-af96-f763f8c57836}.TM.blf                                        Videos/
 Contacts/                                                           NTUSER.DAT{4e5565c0-feb3-11ea-af96-f763f8c57836}.TMContainer00000000000000000001.regtrans-ms   Vorlagen@
 Cookies@                                                            NTUSER.DAT{4e5565c0-feb3-11ea-af96-f763f8c57836}.TMContainer00000000000000000002.regtrans-ms  'Vragen les 1en2.NiG-kopieerblad4.pdf'
'Creative Cloud Files'/                                              NTUSER.DAT{dcc93de9-0247-11eb-afa2-4845207bb857}.TM.blf                                        about.txt
'Cursus_Nederlands_-_materiaal_voor_donderdag_16_juli(1).zip.egt'    NTUSER.DAT{dcc93de9-0247-11eb-afa2-4845207bb857}.TMContainer00000000000000000001.regtrans-ms   ali.ipynb
'Cursus_Nederlands_-_materiaal_voor_donderdag_16_juli(2).zip.egt'    NTUSER.DAT{dcc93de9-0247-11eb-afa2-4845207bb857}.TMContainer00000000000000000002.regtrans-ms   file-1.txt
'Cursus_Nederlands_-_materiaal_voor_donderdag_16_juli(3).zip.egt'    NetHood@                                                                                       file-2.txt
 Cursus_Nederlands_-_materiaal_voor_donderdag_16_juli.zip.egt        Netzwerkumgebung@                                                                              file-3.txt
'Cursus_Nederlands_-_materiaal_voor_donderdag_16_juli_(2).zip.egt'  'Note 15_ wonen - stoppen - komen(1).pdf'                                                       hello.txt
 Desktop/                                                           'Note 15_ wonen - stoppen - komen.pdf'                                                          hello2.text
 Desktop.pem                                                        'Note 24_ Dutch modal verbs - the easy way.pdf'                                                 ironhack2.html
 Documents/                                                         'Note 26_ Pluralis van het substantief_v2(1).pdf'                                              'measures_of_central_tendency. Exercise  .ipynb'
 Downloads/                                                         'Note 26_ Pluralis van het substantief_v2.pdf'                                                  measures_of_dispersion.exercises.ipynb
 Dropbox/                                                           'Note 27_ Dutch modal verbs - the hard way.pdf'                                                 new-file.fileExtension
 Druckumgebung@                                                      OneDrive/                                                                                      new-folder/
'Eigene Dateien'@                                                    Persepolis/                                                                                    ntuser.dat.LOG1
'Familiefoto'\''s(1).pdf.egt'                                        Pictures/                                                                                      ntuser.dat.LOG2
"Familiefoto's.pdf"                                                  PrintHood@                                                                                     ntuser.ini
'Familierelaties en stamboom.versie2(1).pdf'                         REACHit/                                                                                      'opera autoupdate'/
'Familierelaties en stamboom.versie2.pdf'                            Recent@                                                                                       'or.2_conditional_statements (1).ipynb'
 Favorites/                                                          Roaming/                                                                                       perspolis-copies/
 HP/                                                                'Saved Games'/                                                                                  tempo/
 Ih-Labs/                                                            Searches/                                                                                      uncool.txt
 IntelGraphicsProfiles/                                              SendTo@
 IronAlireza2/                                                      'Start Menu'@

Yuga 14@DESKTOP-TN63B7R MINGW64 ~
$ cd testIt
bash: cd: testIt: No such file or directory

Yuga 14@DESKTOP-TN63B7R MINGW64 ~
$ cd  ~/IronAlireza2

Yuga 14@DESKTOP-TN63B7R MINGW64 ~/IronAlireza2 (classmate)
$ cd  ~/testIt
bash: cd: /c/Users/Yuga 14/testIt: No such file or directory

Yuga 14@DESKTOP-TN63B7R MINGW64 ~/IronAlireza2 (classmate)
$ echo " I enrolled Ironhack's Data Analytics bootcamp because they are the best" >> about.txt

Yuga 14@DESKTOP-TN63B7R MINGW64 ~/IronAlireza2 (classmate)
$ git add .
warning: in the working copy of 'about.txt', LF will be replaced by CRLF the next time Git touches it
warning: adding embedded git repository: testIt
hint: You've added another git repository inside your current repository.
hint: Clones of the outer repository will not contain the contents of
hint: the embedded repository and will not know how to obtain it.
hint: If you meant to add a submodule, use:
hint:
hint:   git submodule add <url> testIt
hint:
hint: If you added this path by mistake, you can remove it from the
hint: index with:
hint:
hint:   git rm --cached testIt
hint:
hint: See "git help submodule" for more information.

Yuga 14@DESKTOP-TN63B7R MINGW64 ~/IronAlireza2 (classmate)
$ ^C

Yuga 14@DESKTOP-TN63B7R MINGW64 ~/IronAlireza2 (classmate)
$ git submodule add <url> testIt
bash: url: No such file or directory

Yuga 14@DESKTOP-TN63B7R MINGW64 ~/IronAlireza2 (classmate)
$ git submodule add https://github.com/mitra-ep/testIt.git testIt
fatal: 'testIt' already exists in the index

Yuga 14@DESKTOP-TN63B7R MINGW64 ~/IronAlireza2 (classmate)
$ git add .

Yuga 14@DESKTOP-TN63B7R MINGW64 ~/IronAlireza2 (classmate)
$ git commit -m "update"
[classmate 437ddae] update
 3 files changed, 2 insertions(+)
 create mode 100644 Alireza.txt
 create mode 160000 testIt

Yuga 14@DESKTOP-TN63B7R MINGW64 ~/IronAlireza2 (classmate)
$ git push
fatal: The current branch classmate has no upstream branch.
To push the current branch and set the remote as upstream, use

    git push --set-upstream origin classmate

To have this happen automatically for branches without a tracking
upstream, see 'push.autoSetupRemote' in 'git help config'.


Yuga 14@DESKTOP-TN63B7R MINGW64 ~/IronAlireza2 (classmate)
$ git push
fatal: The current branch classmate has no upstream branch.
To push the current branch and set the remote as upstream, use

    git push --set-upstream origin classmate

To have this happen automatically for branches without a tracking
upstream, see 'push.autoSetupRemote' in 'git help config'.


Yuga 14@DESKTOP-TN63B7R MINGW64 ~/IronAlireza2 (classmate)
$ git push --set-upstream origin classmate
Enumerating objects: 6, done.
Counting objects: 100% (6/6), done.
Delta compression using up to 4 threads
Compressing objects: 100% (3/3), done.
Writing objects: 100% (4/4), 424 bytes | 212.00 KiB/s, done.
Total 4 (delta 0), reused 0 (delta 0), pack-reused 0
remote:
remote: Create a pull request for 'classmate' on GitHub by visiting:
remote:      https://github.com/ShahAliR/IronAlireza2/pull/new/classmate
remote:
To https://github.com/ShahAliR/IronAlireza2.git
 * [new branch]      classmate -> classmate
branch 'classmate' set up to track 'origin/classmate'.

Yuga 14@DESKTOP-TN63B7R MINGW64 ~/IronAlireza2 (classmate)
$ git push
Everything up-to-date

Yuga 14@DESKTOP-TN63B7R MINGW64 ~/IronAlireza2 (classmate)
$ git add .

Yuga 14@DESKTOP-TN63B7R MINGW64 ~/IronAlireza2 (classmate)
$ git commit -m "update"
On branch classmate
Your branch is up to date with 'origin/classmate'.

nothing to commit, working tree clean

Yuga 14@DESKTOP-TN63B7R MINGW64 ~/IronAlireza2 (classmate)
$ git push
Everything up-to-date

Yuga 14@DESKTOP-TN63B7R MINGW64 ~/IronAlireza2 (classmate)
$
